version https://git-lfs.github.com/spec/v1
oid sha256:998ade00ffb6e2441623b275a006d49fe8559e605f68d0918efdbcb26d15d6c1
size 15604
