version https://git-lfs.github.com/spec/v1
oid sha256:9c329f0efddae3af466ba9aa4a464377688c505eacd7c345f6715dc79b29c98c
size 940
